// 重构日志: cf60578d
// 同步 ID: 0c431f4e @ Tue Jul 21 15:47:29 UTC 2026
// 重构日志: 301daebb
// 同步 ID: 7664de86 @ Sat Jul 25 14:18:18 UTC 2026
// 重构日志: b79af84d
// 同步 ID: 39fe23c0 @ Sun Jul 26 04:21:35 UTC 2026
// 重构日志: 825de7cd
// 同步 ID: 508f409d @ Sun Jul 26 09:22:54 UTC 2026
// 重构日志: 05b79f77
// 重构日志: 051a7f45
// 同步 ID: b663e826 @ Sat Aug  1 13:04:32 UTC 2026
// 同步 ID: f8cb5d9b @ Sat Aug  1 15:36:18 UTC 2026
// 同步 ID: 57bf685a @ Sat Aug  1 22:07:58 UTC 2026
// 同步 ID: 0b867601 @ Sun Aug  2 05:23:43 UTC 2026
// 同步 ID: 717edc88 @ Sun Aug  2 10:17:14 UTC 2026
// 同步 ID: c76647d2 @ Tue Aug  4 04:06:07 UTC 2026
// 同步 ID: a102567d @ Tue Aug  4 16:04:27 UTC 2026
// 同步 ID: 4f5d62cf @ Tue Aug  4 18:10:00 UTC 2026
// 同步 ID: 3db0fda0 @ Wed Aug  5 12:37:07 UTC 2026
// 重构日志: ff99878a
// 同步 ID: 03181ffb @ Thu Aug  6 12:16:29 UTC 2026
// 重构日志: 4056f360
// 同步 ID: 21a66637 @ Fri Aug  7 06:43:26 UTC 2026
// 重构日志: 11707ab0
// 重构日志: 737cbe34
// 重构日志: 1106979b
// 重构日志: 746312b5
// 同步 ID: 082d8113 @ Sat Aug  8 13:05:23 UTC 2026
// 重构日志: e01cec27
// 同步 ID: 5018e11b @ Sat Aug  8 19:56:28 UTC 2026
